2025-04-09 00:23:38,860 - Loaded test data.
2025-04-09 00:24:31,746 - Accuracy: 0.9178
2025-04-09 00:24:31,747 - Classification Report:
               precision    recall  f1-score   support

        Apple       0.87      0.85      0.86      4443
      Apricot       1.00      1.00      1.00       164
      Avocado       1.00      1.00      1.00       309
       Banana       0.70      0.75      0.72       561
        Beans       0.51      1.00      0.67        77
     Beetroot       1.00      0.68      0.81       150
   Blackberry       1.00      0.97      0.98       600
    Blueberry       1.00      1.00      1.00       154
      Cabbage       1.00      1.00      1.00        96
 Cactus fruit       0.81      0.83      0.82       634
   Cantaloupe       1.00      1.00      1.00       328
    Carambula       0.84      0.77      0.81       166
       Carrot       0.77      1.00      0.87        50
  Cauliflower       1.00      1.00      1.00       234
    Cherimoya       1.00      1.00      1.00       320
       Cherry       0.97      0.88      0.92      1373
     Chestnut       0.79      1.00      0.88       153
   Clementine       1.00      1.00      1.00       166
      Coconut       1.00      0.99      0.99       166
         Corn       0.67      0.44      0.53       304
     Cucumber       0.98      0.91      0.94       811
        Dates       1.00      0.99      0.99       166
     Eggplant       1.00      0.78      0.88       236
          Fig       1.00      1.00      1.00       234
       Ginger       0.91      1.00      0.95        99
   Gooseberry       1.00      1.00      1.00       154
   Granadilla       1.00      1.00      1.00       166
        Grape       0.93      1.00      0.96      1146
   Grapefruit       0.96      1.00      0.98       330
        Guava       1.00      0.99      1.00       166
     Hazelnut       1.00      1.00      1.00       157
  Huckleberry       1.00      1.00      1.00       166
         Kaki       1.00      0.99      1.00       166
         Kiwi       1.00      1.00      1.00       156
     Kohlrabi       1.00      0.99      0.99       157
      Kumquat       1.00      1.00      1.00       166
        Lemon       0.91      0.95      0.93       330
         Lime       1.00      1.00      1.00       166
       Lychee       1.00      1.00      1.00       166
    Mandarine       1.00      1.00      1.00       166
        Mango       1.00      0.90      0.95       308
   Mangosteen       1.00      1.00      1.00       102
        Melon       1.00      0.93      0.97       246
     Mulberry       1.00      1.00      1.00       164
    Nectarine       0.66      0.93      0.77       324
          Nut       1.00      0.87      0.93       396
        Onion       0.93      0.94      0.94       451
       Orange       1.00      1.00      1.00       160
       Papaya       0.86      1.00      0.93       164
Passion Fruit       1.00      0.92      0.96       332
        Peach       0.94      0.94      0.94       574
         Pear       0.80      0.88      0.84      1761
       Pepino       1.00      1.00      1.00       166
       Pepper       0.96      0.88      0.92       826
     Physalis       0.98      0.90      0.94       328
    Pineapple       1.00      1.00      1.00       329
    Pistachio       1.00      1.00      1.00       231
     Pitahaya       1.00      0.79      0.88       166
         Plum       0.72      1.00      0.84       597
  Pomegranate       0.96      0.96      0.96       164
       Pomelo       1.00      1.00      1.00       153
       Potato       0.97      0.88      0.93       601
       Quince       0.87      0.96      0.91       897
     Rambutan       1.00      1.00      1.00       164
    Raspberry       0.99      1.00      1.00       166
   Redcurrant       1.00      1.00      1.00       164
        Salak       1.00      1.00      1.00       162
   Strawberry       1.00      0.97      0.99       410
    Tamarillo       1.00      1.00      1.00       166
      Tangelo       1.00      1.00      1.00       166
       Tomato       0.98      0.92      0.95      1707
       Walnut       1.00      1.00      1.00       249
   Watermelon       0.93      1.00      0.96       157
     Zucchini       0.98      1.00      0.99       160

     accuracy                           0.92     28863
    macro avg       0.95      0.95      0.95     28863
 weighted avg       0.92      0.92      0.92     28863

2025-04-09 00:25:35,308 - Loaded test data.
2025-04-09 00:27:18,384 - Accuracy: 0.9178
2025-04-09 00:27:18,386 - Classification Report:
               precision    recall  f1-score   support

        Apple       0.87      0.85      0.86      4443
      Apricot       1.00      1.00      1.00       164
      Avocado       1.00      1.00      1.00       309
       Banana       0.70      0.75      0.72       561
        Beans       0.51      1.00      0.67        77
     Beetroot       1.00      0.68      0.81       150
   Blackberry       1.00      0.97      0.98       600
    Blueberry       1.00      1.00      1.00       154
      Cabbage       1.00      1.00      1.00        96
 Cactus fruit       0.81      0.83      0.82       634
   Cantaloupe       1.00      1.00      1.00       328
    Carambula       0.84      0.77      0.81       166
       Carrot       0.77      1.00      0.87        50
  Cauliflower       1.00      1.00      1.00       234
    Cherimoya       1.00      1.00      1.00       320
       Cherry       0.97      0.88      0.92      1373
     Chestnut       0.79      1.00      0.88       153
   Clementine       1.00      1.00      1.00       166
      Coconut       1.00      0.99      0.99       166
         Corn       0.67      0.44      0.53       304
     Cucumber       0.98      0.91      0.94       811
        Dates       1.00      0.99      0.99       166
     Eggplant       1.00      0.78      0.88       236
          Fig       1.00      1.00      1.00       234
       Ginger       0.91      1.00      0.95        99
   Gooseberry       1.00      1.00      1.00       154
   Granadilla       1.00      1.00      1.00       166
        Grape       0.93      1.00      0.96      1146
   Grapefruit       0.96      1.00      0.98       330
        Guava       1.00      0.99      1.00       166
     Hazelnut       1.00      1.00      1.00       157
  Huckleberry       1.00      1.00      1.00       166
         Kaki       1.00      0.99      1.00       166
         Kiwi       1.00      1.00      1.00       156
     Kohlrabi       1.00      0.99      0.99       157
      Kumquat       1.00      1.00      1.00       166
        Lemon       0.91      0.95      0.93       330
         Lime       1.00      1.00      1.00       166
       Lychee       1.00      1.00      1.00       166
    Mandarine       1.00      1.00      1.00       166
        Mango       1.00      0.90      0.95       308
   Mangosteen       1.00      1.00      1.00       102
        Melon       1.00      0.93      0.97       246
     Mulberry       1.00      1.00      1.00       164
    Nectarine       0.66      0.93      0.77       324
          Nut       1.00      0.87      0.93       396
        Onion       0.93      0.94      0.94       451
       Orange       1.00      1.00      1.00       160
       Papaya       0.86      1.00      0.93       164
Passion Fruit       1.00      0.92      0.96       332
        Peach       0.94      0.94      0.94       574
         Pear       0.80      0.88      0.84      1761
       Pepino       1.00      1.00      1.00       166
       Pepper       0.96      0.88      0.92       826
     Physalis       0.98      0.90      0.94       328
    Pineapple       1.00      1.00      1.00       329
    Pistachio       1.00      1.00      1.00       231
     Pitahaya       1.00      0.79      0.88       166
         Plum       0.72      1.00      0.84       597
  Pomegranate       0.96      0.96      0.96       164
       Pomelo       1.00      1.00      1.00       153
       Potato       0.97      0.88      0.93       601
       Quince       0.87      0.96      0.91       897
     Rambutan       1.00      1.00      1.00       164
    Raspberry       0.99      1.00      1.00       166
   Redcurrant       1.00      1.00      1.00       164
        Salak       1.00      1.00      1.00       162
   Strawberry       1.00      0.97      0.99       410
    Tamarillo       1.00      1.00      1.00       166
      Tangelo       1.00      1.00      1.00       166
       Tomato       0.98      0.92      0.95      1707
       Walnut       1.00      1.00      1.00       249
   Watermelon       0.93      1.00      0.96       157
     Zucchini       0.98      1.00      0.99       160

     accuracy                           0.92     28863
    macro avg       0.95      0.95      0.95     28863
 weighted avg       0.92      0.92      0.92     28863

2025-04-09 00:27:33,241 - Loaded test data.
2025-04-09 00:27:33,350 - Accuracy: 0.1087
2025-04-09 00:27:33,351 - Classification Report:
              precision    recall  f1-score   support

       Apple       0.00      0.00      0.00         3
      Banana       1.00      0.50      0.67         2
    Beetroot       0.00      0.00      0.00         2
     Cashews       0.00      0.00      0.00         1
     Coconut       0.00      0.00      0.00         2
        Corn       0.00      0.00      0.00         2
      Ginger       0.00      0.00      0.00         2
      Grapes       0.00      0.00      0.00         2
       Lemon       0.00      0.00      0.00         1
       Mango       1.00      0.09      0.17        11
       Melon       0.00      0.00      0.00         4
      Orange       0.00      0.00      0.00         4
        Pear       0.06      1.00      0.12         2
   Pineapple       0.00      0.00      0.00         1
      Potato       0.00      0.00      0.00         2
   Raspberry       0.00      0.00      0.00         0
      Tomato       0.00      0.00      0.00         1
Tomato small       0.00      0.00      0.00         1
  Watermelon       0.25      0.33      0.29         3

    accuracy                           0.11        46
   macro avg       0.12      0.10      0.07        46
weighted avg       0.30      0.11      0.09        46

2025-04-10 17:36:09,490 - Loaded test data.
2025-04-10 17:36:31,342 - Accuracy: 0.4620
2025-04-10 17:36:31,342 - Classification Report:
               precision    recall  f1-score   support

        Apple       0.28      0.97      0.44      4443
      Apricot       0.90      1.00      0.95       164
      Avocado       0.99      1.00      1.00       309
       Banana       0.46      0.75      0.58       561
        Beans       0.51      1.00      0.68        77
     Beetroot       1.00      0.69      0.82       150
   Blackberry       0.91      0.97      0.94       600
    Blueberry       1.00      1.00      1.00       154
      Cabbage       0.92      1.00      0.96        96
 Cactus fruit       0.50      0.83      0.62       634
   Cantaloupe       1.00      1.00      1.00       328
    Carambula       0.79      0.91      0.84       166
       Carrot       0.77      1.00      0.87        50
  Cauliflower       1.00      1.00      1.00       234
    Cherimoya       1.00      1.00      1.00       320
       Cherry       0.41      0.88      0.56      1373
     Chestnut       0.54      1.00      0.70       153
   Clementine       0.90      1.00      0.95       166
      Coconut       1.00      0.99      0.99       166
         Corn       0.65      0.44      0.53       304
     Cucumber       0.78      0.91      0.84       811
        Dates       1.00      0.99      0.99       166
     Eggplant       0.99      0.78      0.88       236
          Fig       0.68      1.00      0.81       234
       Ginger       0.35      1.00      0.52        99
   Gooseberry       1.00      1.00      1.00       154
   Granadilla       1.00      1.00      1.00       166
        Grape       0.60      1.00      0.75      1146
   Grapefruit       0.68      1.00      0.81       330
        Guava       1.00      0.99      1.00       166
     Hazelnut       1.00      1.00      1.00       157
  Huckleberry       1.00      1.00      1.00       166
         Kaki       0.00      0.00      0.00       166
         Kiwi       0.00      0.00      0.00       156
     Kohlrabi       0.00      0.00      0.00       157
      Kumquat       0.00      0.00      0.00       166
        Lemon       0.00      0.00      0.00       330
         Lime       0.00      0.00      0.00       166
       Lychee       0.00      0.00      0.00       166
    Mandarine       0.00      0.00      0.00       166
        Mango       0.00      0.00      0.00       308
   Mangosteen       0.00      0.00      0.00       102
        Melon       0.00      0.00      0.00       246
     Mulberry       0.00      0.00      0.00       164
    Nectarine       0.00      0.00      0.00       324
          Nut       0.00      0.00      0.00       396
        Onion       0.00      0.00      0.00       451
       Orange       0.00      0.00      0.00       160
       Papaya       0.00      0.00      0.00       164
Passion Fruit       0.00      0.00      0.00       332
        Peach       0.00      0.00      0.00       574
         Pear       0.00      0.00      0.00      1761
       Pepino       0.00      0.00      0.00       166
       Pepper       0.00      0.00      0.00       826
     Physalis       0.00      0.00      0.00       328
    Pineapple       0.00      0.00      0.00       329
    Pistachio       0.00      0.00      0.00       231
     Pitahaya       0.00      0.00      0.00       166
         Plum       0.00      0.00      0.00       597
  Pomegranate       0.00      0.00      0.00       164
       Pomelo       0.00      0.00      0.00       153
       Potato       0.00      0.00      0.00       601
       Quince       0.00      0.00      0.00       897
     Rambutan       0.00      0.00      0.00       164
    Raspberry       0.00      0.00      0.00       166
   Redcurrant       0.00      0.00      0.00       164
        Salak       0.00      0.00      0.00       162
   Strawberry       0.00      0.00      0.00       410
    Tamarillo       0.00      0.00      0.00       166
      Tangelo       0.00      0.00      0.00       166
       Tomato       0.00      0.00      0.00      1707
       Walnut       0.00      0.00      0.00       249
   Watermelon       0.00      0.00      0.00       157
     Zucchini       0.00      0.00      0.00       160

     accuracy                           0.46     28863
    macro avg       0.35      0.41      0.36     28863
 weighted avg       0.29      0.46      0.34     28863

2025-04-10 17:36:36,431 - Loaded test data.
2025-04-10 17:36:36,484 - Accuracy: 0.0652
2025-04-10 17:36:36,485 - Classification Report:
              precision    recall  f1-score   support

       Apple       0.05      0.67      0.09         3
      Banana       1.00      0.50      0.67         2
    Beetroot       0.00      0.00      0.00         2
  Blackberry       0.00      0.00      0.00         0
     Cashews       0.00      0.00      0.00         1
     Coconut       0.00      0.00      0.00         2
        Corn       0.00      0.00      0.00         2
      Ginger       0.00      0.00      0.00         2
       Grape       0.00      0.00      0.00         0
      Grapes       0.00      0.00      0.00         2
       Lemon       0.00      0.00      0.00         1
       Mango       0.00      0.00      0.00        11
       Melon       0.00      0.00      0.00         4
      Orange       0.00      0.00      0.00         4
        Pear       0.00      0.00      0.00         2
   Pineapple       0.00      0.00      0.00         1
      Potato       0.00      0.00      0.00         2
      Tomato       0.00      0.00      0.00         1
Tomato small       0.00      0.00      0.00         1
  Watermelon       0.00      0.00      0.00         3

    accuracy                           0.07        46
   macro avg       0.05      0.06      0.04        46
weighted avg       0.05      0.07      0.03        46

2025-04-10 17:41:39,482 - Loaded test data.
2025-04-10 17:42:30,613 - Accuracy: 0.9178
2025-04-10 17:42:30,613 - Classification Report:
               precision    recall  f1-score   support

        Apple       0.87      0.85      0.86      4443
      Apricot       1.00      1.00      1.00       164
      Avocado       1.00      1.00      1.00       309
       Banana       0.70      0.75      0.72       561
        Beans       0.51      1.00      0.67        77
     Beetroot       1.00      0.68      0.81       150
   Blackberry       1.00      0.97      0.98       600
    Blueberry       1.00      1.00      1.00       154
      Cabbage       1.00      1.00      1.00        96
 Cactus fruit       0.81      0.83      0.82       634
   Cantaloupe       1.00      1.00      1.00       328
    Carambula       0.84      0.77      0.81       166
       Carrot       0.77      1.00      0.87        50
  Cauliflower       1.00      1.00      1.00       234
    Cherimoya       1.00      1.00      1.00       320
       Cherry       0.97      0.88      0.92      1373
     Chestnut       0.79      1.00      0.88       153
   Clementine       1.00      1.00      1.00       166
      Coconut       1.00      0.99      0.99       166
         Corn       0.67      0.44      0.53       304
     Cucumber       0.98      0.91      0.94       811
        Dates       1.00      0.99      0.99       166
     Eggplant       1.00      0.78      0.88       236
          Fig       1.00      1.00      1.00       234
       Ginger       0.91      1.00      0.95        99
   Gooseberry       1.00      1.00      1.00       154
   Granadilla       1.00      1.00      1.00       166
        Grape       0.93      1.00      0.96      1146
   Grapefruit       0.96      1.00      0.98       330
        Guava       1.00      0.99      1.00       166
     Hazelnut       1.00      1.00      1.00       157
  Huckleberry       1.00      1.00      1.00       166
         Kaki       1.00      0.99      1.00       166
         Kiwi       1.00      1.00      1.00       156
     Kohlrabi       1.00      0.99      0.99       157
      Kumquat       1.00      1.00      1.00       166
        Lemon       0.91      0.95      0.93       330
         Lime       1.00      1.00      1.00       166
       Lychee       1.00      1.00      1.00       166
    Mandarine       1.00      1.00      1.00       166
        Mango       1.00      0.90      0.95       308
   Mangosteen       1.00      1.00      1.00       102
        Melon       1.00      0.93      0.97       246
     Mulberry       1.00      1.00      1.00       164
    Nectarine       0.66      0.93      0.77       324
          Nut       1.00      0.87      0.93       396
        Onion       0.93      0.94      0.94       451
       Orange       1.00      1.00      1.00       160
       Papaya       0.86      1.00      0.93       164
Passion Fruit       1.00      0.92      0.96       332
        Peach       0.94      0.94      0.94       574
         Pear       0.80      0.88      0.84      1761
       Pepino       1.00      1.00      1.00       166
       Pepper       0.96      0.88      0.92       826
     Physalis       0.98      0.90      0.94       328
    Pineapple       1.00      1.00      1.00       329
    Pistachio       1.00      1.00      1.00       231
     Pitahaya       1.00      0.79      0.88       166
         Plum       0.72      1.00      0.84       597
  Pomegranate       0.96      0.96      0.96       164
       Pomelo       1.00      1.00      1.00       153
       Potato       0.97      0.88      0.93       601
       Quince       0.87      0.96      0.91       897
     Rambutan       1.00      1.00      1.00       164
    Raspberry       0.99      1.00      1.00       166
   Redcurrant       1.00      1.00      1.00       164
        Salak       1.00      1.00      1.00       162
   Strawberry       1.00      0.97      0.99       410
    Tamarillo       1.00      1.00      1.00       166
      Tangelo       1.00      1.00      1.00       166
       Tomato       0.98      0.92      0.95      1707
       Walnut       1.00      1.00      1.00       249
   Watermelon       0.93      1.00      0.96       157
     Zucchini       0.98      1.00      0.99       160

     accuracy                           0.92     28863
    macro avg       0.95      0.95      0.95     28863
 weighted avg       0.92      0.92      0.92     28863

2025-04-10 17:42:50,422 - Loaded test data.
2025-04-10 17:42:50,530 - Accuracy: 0.1087
2025-04-10 17:42:50,531 - Classification Report:
              precision    recall  f1-score   support

       Apple       0.00      0.00      0.00         3
      Banana       1.00      0.50      0.67         2
    Beetroot       0.00      0.00      0.00         2
     Cashews       0.00      0.00      0.00         1
     Coconut       0.00      0.00      0.00         2
        Corn       0.00      0.00      0.00         2
      Ginger       0.00      0.00      0.00         2
      Grapes       0.00      0.00      0.00         2
       Lemon       0.00      0.00      0.00         1
       Mango       1.00      0.09      0.17        11
       Melon       0.00      0.00      0.00         4
      Orange       0.00      0.00      0.00         4
        Pear       0.06      1.00      0.12         2
   Pineapple       0.00      0.00      0.00         1
      Potato       0.00      0.00      0.00         2
   Raspberry       0.00      0.00      0.00         0
      Tomato       0.00      0.00      0.00         1
Tomato small       0.00      0.00      0.00         1
  Watermelon       0.25      0.33      0.29         3

    accuracy                           0.11        46
   macro avg       0.12      0.10      0.07        46
weighted avg       0.30      0.11      0.09        46

