2025-04-05 16:23:40,324 - Loaded training and test data.
2025-04-05 16:24:20,998 - Accuracy: 0.3390
2025-04-05 16:24:20,998 - Classification Report:
                       precision    recall  f1-score   support

                Apple       0.18      0.95      0.31      1604
        AppleBraeburn       0.51      0.99      0.68       164
            AppleCore       1.00      1.00      1.00        78
     AppleCrimsonSnow       0.20      0.73      0.32       148
          AppleGolden       0.53      1.00      0.69       485
     AppleGrannySmith       0.71      1.00      0.83       164
        ApplePinkLady       0.43      0.97      0.60       152
             AppleRed       0.40      0.97      0.57       472
    AppleRedDelicious       0.83      1.00      0.91       166
       AppleRedYellow       0.18      1.00      0.31       383
          AppleRotten       0.28      1.00      0.44       162
             Applehit       0.74      1.00      0.85       234
            Appleworm       0.35      1.00      0.52       231
              Apricot       0.65      0.94      0.77       164
              Avocado       0.22      1.00      0.37       143
          Avocadoripe       0.60      1.00      0.75       166
               Banana       0.89      1.00      0.94       243
     BananaLadyFinger       1.00      1.00      1.00       152
            BananaRed       0.21      1.00      0.35       166
                Beans       1.00      1.00      1.00        77
             Beetroot       0.38      0.54      0.45       150
          Blackberrie       0.97      0.40      0.57       225
Blackberriehalfrippen       0.51      1.00      0.67       150
 Blackberrienotrippen       0.40      1.00      0.57       225
            Blueberry       0.26      1.00      0.41       154
           Cabbagered       0.15      1.00      0.26        49
         Cabbagewhite       0.69      1.00      0.82        47
          Cactusfruit       0.14      1.00      0.25       166
     Cactusfruitgreen       0.23      1.00      0.38       231
       Cactusfruitred       0.36      1.00      0.53       237
             Cajuseed       0.00      0.00      0.00         0
           Cantaloupe       1.00      1.00      1.00       328
            Carambula       0.17      1.00      0.29       166
               Carrot       1.00      1.00      1.00        50
          Cauliflower       0.84      1.00      0.91       234
            Cherimoya       0.72      1.00      0.84       320
               Cherry       0.60      0.87      0.71       410
        CherryRainier       0.43      1.00      0.60       246
       CherryWaxBlack       1.00      1.00      1.00       164
         CherryWaxRed       1.00      1.00      1.00       164
      CherryWaxYellow       0.91      1.00      0.95       164
   CherryWaxnotrippen       0.62      1.00      0.77       225
             Chestnut       0.23      1.00      0.37       153
           Clementine       0.33      1.00      0.50       166
                Cocos       0.53      1.00      0.69       166
                 Corn       0.72      0.39      0.50       150
             CornHusk       0.00      0.00      0.00       154
             Cucumber       0.00      0.00      0.00       525
         CucumberRipe       0.00      0.00      0.00       286
                Dates       0.00      0.00      0.00       166
             Eggplant       0.00      0.00      0.00       156
         Eggplantlong       0.00      0.00      0.00        80
                  Fig       0.00      0.00      0.00       234
           GingerRoot       0.00      0.00      0.00        99
           Gooseberry       0.00      0.00      0.00       154
           Granadilla       0.00      0.00      0.00       166
            GrapeBlue       0.00      0.00      0.00       328
            GrapePink       0.00      0.00      0.00       164
           GrapeWhite       0.00      0.00      0.00       654
       GrapefruitPink       0.00      0.00      0.00       166
      GrapefruitWhite       0.00      0.00      0.00       164
                Guava       0.00      0.00      0.00       166
             Hazelnut       0.00      0.00      0.00       157
          Huckleberry       0.00      0.00      0.00       166
                 Kaki       0.00      0.00      0.00       166
                 Kiwi       0.00      0.00      0.00       156
             Kohlrabi       0.00      0.00      0.00       157
             Kumquats       0.00      0.00      0.00       166
                Lemon       0.00      0.00      0.00       164
           LemonMeyer       0.00      0.00      0.00       166
                Limes       0.00      0.00      0.00       166
               Lychee       0.00      0.00      0.00       166
            Mandarine       0.00      0.00      0.00       166
                Mango       0.00      0.00      0.00       166
             MangoRed       0.00      0.00      0.00       142
            Mangostan       0.00      0.00      0.00       102
             Maracuja       0.00      0.00      0.00       166
      MelonPieldeSapo       0.00      0.00      0.00       246
             Mulberry       0.00      0.00      0.00       164
            Nectarine       0.00      0.00      0.00       164
        NectarineFlat       0.00      0.00      0.00       160
            NutForest       0.00      0.00      0.00       218
             NutPecan       0.00      0.00      0.00       178
             OnionRed       0.00      0.00      0.00       150
       OnionRedPeeled       0.00      0.00      0.00       155
           OnionWhite       0.00      0.00      0.00       146
               Orange       0.00      0.00      0.00       160
               Papaya       0.00      0.00      0.00       164
         PassionFruit       0.00      0.00      0.00       166
                Peach       0.00      0.00      0.00       410
            PeachFlat       0.00      0.00      0.00       164
                 Pear       0.00      0.00      0.00       468
            PearAbate       0.00      0.00      0.00       166
          PearForelle       0.00      0.00      0.00       234
           PearKaiser       0.00      0.00      0.00       102
          PearMonster       0.00      0.00      0.00       166
              PearRed       0.00      0.00      0.00       222
            PearStone       0.00      0.00      0.00       237
         PearWilliams       0.00      0.00      0.00       166
               Pepino       0.00      0.00      0.00       166
          PepperGreen       0.00      0.00      0.00       148
         PepperOrange       0.00      0.00      0.00       234
            PepperRed       0.00      0.00      0.00       222
         PepperYellow       0.00      0.00      0.00       222
             Physalis       0.00      0.00      0.00       164
     PhysaliswithHusk       0.00      0.00      0.00       164
            Pineapple       0.00      0.00      0.00       166
        PineappleMini       0.00      0.00      0.00       163
            Pistachio       0.00      0.00      0.00       231
          PitahayaRed       0.00      0.00      0.00       166
                 Plum       0.00      0.00      0.00       597
          Pomegranate       0.00      0.00      0.00       164
        PomeloSweetie       0.00      0.00      0.00       153
            PotatoRed       0.00      0.00      0.00       150
      PotatoRedWashed       0.00      0.00      0.00       151
          PotatoSweet       0.00      0.00      0.00       150
          PotatoWhite       0.00      0.00      0.00       150
               Quince       0.00      0.00      0.00       897
             Rambutan       0.00      0.00      0.00       164
            Raspberry       0.00      0.00      0.00       166
           Redcurrant       0.00      0.00      0.00       164
                Salak       0.00      0.00      0.00       162
           Strawberry       0.00      0.00      0.00       164
      StrawberryWedge       0.00      0.00      0.00       246
            Tamarillo       0.00      0.00      0.00       166
              Tangelo       0.00      0.00      0.00       166
               Tomato       0.00      0.00      0.00       877
      TomatoCherryRed       0.00      0.00      0.00       164
          TomatoHeart       0.00      0.00      0.00       228
         TomatoMaroon       0.00      0.00      0.00       127
         TomatoYellow       0.00      0.00      0.00       153
     TomatonotRipened       0.00      0.00      0.00       158
               Walnut       0.00      0.00      0.00       249
           Watermelon       0.00      0.00      0.00       157
             Zucchini       0.00      0.00      0.00        80
         Zucchinidark       0.00      0.00      0.00        80

             accuracy                           0.34     28863
            macro avg       0.18      0.31      0.21     28863
         weighted avg       0.18      0.34      0.21     28863

2025-04-06 04:39:47,000 - Loaded test data.
2025-04-06 04:39:47,011 - Loaded model parameters from 'model_params.pkl'.
2025-04-06 04:40:04,742 - Accuracy: 0.2961
2025-04-06 04:40:04,742 - Classification Report:
               precision    recall  f1-score   support

        Apple       0.47      0.79      0.59      4443
      Apricot       0.11      1.00      0.20       164
      Avocado       0.24      1.00      0.39       309
       Banana       0.34      0.85      0.48       561
        Beans       0.28      1.00      0.44        77
     Beetroot       0.06      0.43      0.11       150
   Blackberry       0.24      1.00      0.38       600
    Blueberry       0.22      1.00      0.36       154
      Cabbage       0.13      1.00      0.23        96
 Cactus fruit       0.28      0.70      0.40       634
   Cantaloupe       0.98      1.00      0.99       328
    Carambula       0.12      1.00      0.22       166
       Carrot       0.43      1.00      0.60        50
  Cauliflower       0.42      1.00      0.59       234
    Cherimoya       0.25      1.00      0.40       320
       Cherry       0.55      0.74      0.63      1373
     Chestnut       0.05      1.00      0.10       153
   Clementine       0.15      1.00      0.26       166
      Coconut       0.29      1.00      0.45       166
         Corn       0.21      0.24      0.22       304
     Cucumber       0.00      0.00      0.00       811
        Dates       0.00      0.00      0.00       166
     Eggplant       0.00      0.00      0.00       236
          Fig       0.00      0.00      0.00       234
       Ginger       0.00      0.00      0.00        99
   Gooseberry       0.00      0.00      0.00       154
   Granadilla       0.00      0.00      0.00       166
        Grape       0.00      0.00      0.00      1146
   Grapefruit       0.00      0.00      0.00       330
        Guava       0.00      0.00      0.00       166
     Hazelnut       0.00      0.00      0.00       157
  Huckleberry       0.00      0.00      0.00       166
         Kaki       0.00      0.00      0.00       166
         Kiwi       0.00      0.00      0.00       156
     Kohlrabi       0.00      0.00      0.00       157
      Kumquat       0.00      0.00      0.00       166
        Lemon       0.00      0.00      0.00       330
         Lime       0.00      0.00      0.00       166
       Lychee       0.00      0.00      0.00       166
    Mandarine       0.00      0.00      0.00       166
        Mango       0.00      0.00      0.00       308
   Mangosteen       0.00      0.00      0.00       102
        Melon       0.00      0.00      0.00       246
     Mulberry       0.00      0.00      0.00       164
    Nectarine       0.00      0.00      0.00       324
          Nut       0.00      0.00      0.00       396
        Onion       0.00      0.00      0.00       451
       Orange       0.00      0.00      0.00       160
       Papaya       0.00      0.00      0.00       164
Passion Fruit       0.00      0.00      0.00       332
        Peach       0.00      0.00      0.00       574
         Pear       0.00      0.00      0.00      1761
       Pepino       0.00      0.00      0.00       166
       Pepper       0.00      0.00      0.00       826
     Physalis       0.00      0.00      0.00       328
    Pineapple       0.00      0.00      0.00       329
    Pistachio       0.00      0.00      0.00       231
     Pitahaya       0.00      0.00      0.00       166
         Plum       0.00      0.00      0.00       597
  Pomegranate       0.00      0.00      0.00       164
       Pomelo       0.00      0.00      0.00       153
       Potato       0.00      0.00      0.00       601
       Quince       0.00      0.00      0.00       897
     Rambutan       0.00      0.00      0.00       164
    Raspberry       0.00      0.00      0.00       166
   Redcurrant       0.00      0.00      0.00       164
        Salak       0.00      0.00      0.00       162
   Strawberry       0.00      0.00      0.00       410
    Tamarillo       0.00      0.00      0.00       166
      Tangelo       0.00      0.00      0.00       166
       Tomato       0.00      0.00      0.00      1707
       Walnut       0.00      0.00      0.00       249
   Watermelon       0.00      0.00      0.00       157
     Zucchini       0.00      0.00      0.00       160

     accuracy                           0.30     28863
    macro avg       0.08      0.24      0.11     28863
 weighted avg       0.15      0.30      0.19     28863

