2025-04-08 16:31:24,027 - Loaded test data.
2025-04-08 16:31:24,185 - Accuracy: 0.0652
2025-04-08 16:31:24,186 - Classification Report:
              precision    recall  f1-score   support

       Apple       0.00      0.00      0.00         3
      Banana       0.00      0.00      0.00         2
    Beetroot       0.00      0.00      0.00         2
      Cashew       0.00      0.00      0.00         1
     Coconut       0.00      0.00      0.00         2
        Corn       0.00      0.00      0.00         2
      Ginger       0.00      0.00      0.00         2
       Grape       0.00      0.00      0.00         2
       Lemon       0.00      0.00      0.00         1
       Mango       0.00      0.00      0.00        11
       Melon       0.00      0.00      0.00         4
      Orange       0.00      0.00      0.00         4
        Pear       0.06      1.00      0.12         2
   Pineapple       0.00      0.00      0.00         1
      Potato       0.00      0.00      0.00         2
   Raspberry       0.00      0.00      0.00         0
      Tomato       0.00      0.00      0.00         2
  Watermelon       0.25      0.33      0.29         3

    accuracy                           0.07        46
   macro avg       0.02      0.07      0.02        46
weighted avg       0.02      0.07      0.02        46

2025-04-08 17:16:55,272 - Loaded test data.
2025-04-08 17:16:55,366 - Accuracy: 0.0652
2025-04-08 17:16:55,366 - Classification Report:
              precision    recall  f1-score   support

       Apple       0.00      0.00      0.00         3
      Banana       0.00      0.00      0.00         2
    Beetroot       0.00      0.00      0.00         2
      Cashew       0.00      0.00      0.00         1
     Coconut       0.00      0.00      0.00         2
        Corn       0.00      0.00      0.00         2
      Ginger       0.00      0.00      0.00         2
       Grape       0.00      0.00      0.00         2
       Lemon       0.00      0.00      0.00         1
       Mango       0.00      0.00      0.00        11
       Melon       0.00      0.00      0.00         4
      Orange       0.00      0.00      0.00         4
        Pear       0.06      1.00      0.12         2
   Pineapple       0.00      0.00      0.00         1
      Potato       0.00      0.00      0.00         2
   Raspberry       0.00      0.00      0.00         0
      Tomato       0.00      0.00      0.00         2
  Watermelon       0.25      0.33      0.29         3

    accuracy                           0.07        46
   macro avg       0.02      0.07      0.02        46
weighted avg       0.02      0.07      0.02        46

2025-04-08 17:19:21,276 - Loaded test data.
2025-04-08 17:19:21,363 - Accuracy: 0.0652
2025-04-08 17:19:21,363 - Classification Report:
              precision    recall  f1-score   support

       Apple       0.00      0.00      0.00         3
      Banana       0.00      0.00      0.00         2
    Beetroot       0.00      0.00      0.00         2
      Cashew       0.00      0.00      0.00         1
     Coconut       0.00      0.00      0.00         2
        Corn       0.00      0.00      0.00         2
      Ginger       0.00      0.00      0.00         2
       Grape       0.00      0.00      0.00         2
       Lemon       0.00      0.00      0.00         1
       Mango       0.00      0.00      0.00        11
       Melon       0.00      0.00      0.00         4
      Orange       0.00      0.00      0.00         4
        Pear       0.06      1.00      0.12         2
   Pineapple       0.00      0.00      0.00         1
      Potato       0.00      0.00      0.00         2
   Raspberry       0.00      0.00      0.00         0
      Tomato       0.00      0.00      0.00         2
  Watermelon       0.25      0.33      0.29         3

    accuracy                           0.07        46
   macro avg       0.02      0.07      0.02        46
weighted avg       0.02      0.07      0.02        46

2025-04-08 17:21:36,344 - Loaded test data.
2025-04-08 17:21:36,429 - Accuracy: 0.0652
2025-04-08 17:21:36,430 - Classification Report:
              precision    recall  f1-score   support

       Apple       0.00      0.00      0.00         3
      Banana       0.00      0.00      0.00         2
    Beetroot       0.00      0.00      0.00         2
      Cashew       0.00      0.00      0.00         1
     Coconut       0.00      0.00      0.00         2
        Corn       0.00      0.00      0.00         2
      Ginger       0.00      0.00      0.00         2
       Grape       0.00      0.00      0.00         2
       Lemon       0.00      0.00      0.00         1
       Mango       0.00      0.00      0.00        11
       Melon       0.00      0.00      0.00         4
      Orange       0.00      0.00      0.00         4
        Pear       0.06      1.00      0.12         2
   Pineapple       0.00      0.00      0.00         1
      Potato       0.00      0.00      0.00         2
   Raspberry       0.00      0.00      0.00         0
      Tomato       0.00      0.00      0.00         2
  Watermelon       0.25      0.33      0.29         3

    accuracy                           0.07        46
   macro avg       0.02      0.07      0.02        46
weighted avg       0.02      0.07      0.02        46

2025-04-08 17:24:21,995 - Loaded test data.
2025-04-08 17:24:22,155 - Accuracy: 0.0652
2025-04-08 17:24:22,155 - Classification Report:
              precision    recall  f1-score   support

       Apple       0.00      0.00      0.00         3
      Banana       0.00      0.00      0.00         2
    Beetroot       0.00      0.00      0.00         2
      Cashew       0.00      0.00      0.00         1
     Coconut       0.00      0.00      0.00         2
        Corn       0.00      0.00      0.00         2
      Ginger       0.00      0.00      0.00         2
       Grape       0.00      0.00      0.00         2
       Lemon       0.00      0.00      0.00         1
       Mango       0.00      0.00      0.00        11
       Melon       0.00      0.00      0.00         4
      Orange       0.00      0.00      0.00         4
        Pear       0.06      1.00      0.12         2
   Pineapple       0.00      0.00      0.00         1
      Potato       0.00      0.00      0.00         2
   Raspberry       0.00      0.00      0.00         0
      Tomato       0.00      0.00      0.00         2
  Watermelon       0.25      0.33      0.29         3

    accuracy                           0.07        46
   macro avg       0.02      0.07      0.02        46
weighted avg       0.02      0.07      0.02        46

2025-04-08 17:25:33,093 - Loaded test data.
2025-04-08 17:25:33,179 - Accuracy: 0.0652
2025-04-08 17:25:33,179 - Classification Report:
              precision    recall  f1-score   support

       Apple       0.00      0.00      0.00         3
      Banana       0.00      0.00      0.00         2
    Beetroot       0.00      0.00      0.00         2
      Cashew       0.00      0.00      0.00         1
     Coconut       0.00      0.00      0.00         2
        Corn       0.00      0.00      0.00         2
      Ginger       0.00      0.00      0.00         2
       Grape       0.00      0.00      0.00         2
       Lemon       0.00      0.00      0.00         1
       Mango       0.00      0.00      0.00        11
       Melon       0.00      0.00      0.00         4
      Orange       0.00      0.00      0.00         4
        Pear       0.06      1.00      0.12         2
   Pineapple       0.00      0.00      0.00         1
      Potato       0.00      0.00      0.00         2
   Raspberry       0.00      0.00      0.00         0
      Tomato       0.00      0.00      0.00         2
  Watermelon       0.25      0.33      0.29         3

    accuracy                           0.07        46
   macro avg       0.02      0.07      0.02        46
weighted avg       0.02      0.07      0.02        46

2025-04-08 17:29:57,011 - Loaded test data.
2025-04-08 17:29:57,098 - Accuracy: 0.0652
2025-04-08 17:29:57,098 - Classification Report:
              precision    recall  f1-score   support

       Apple       0.00      0.00      0.00         3
      Banana       0.00      0.00      0.00         2
    Beetroot       0.00      0.00      0.00         2
      Cashew       0.00      0.00      0.00         1
     Coconut       0.00      0.00      0.00         2
        Corn       0.00      0.00      0.00         2
      Ginger       0.00      0.00      0.00         2
       Grape       0.00      0.00      0.00         2
       Lemon       0.00      0.00      0.00         1
       Mango       0.00      0.00      0.00        11
       Melon       0.00      0.00      0.00         4
      Orange       0.00      0.00      0.00         4
        Pear       0.06      1.00      0.12         2
   Pineapple       0.00      0.00      0.00         1
      Potato       0.00      0.00      0.00         2
   Raspberry       0.00      0.00      0.00         0
      Tomato       0.00      0.00      0.00         2
  Watermelon       0.25      0.33      0.29         3

    accuracy                           0.07        46
   macro avg       0.02      0.07      0.02        46
weighted avg       0.02      0.07      0.02        46

2025-04-08 17:34:39,335 - Loaded test data.
2025-04-08 17:34:39,425 - Accuracy: 0.1087
2025-04-08 17:34:39,425 - Classification Report:
              precision    recall  f1-score   support

       Apple       0.00      0.00      0.00         3
      Banana       1.00      0.50      0.67         2
    Beetroot       0.00      0.00      0.00         2
     Cashews       0.00      0.00      0.00         1
     Coconut       0.00      0.00      0.00         2
        Corn       0.00      0.00      0.00         2
      Ginger       0.00      0.00      0.00         2
      Grapes       0.00      0.00      0.00         2
       Lemon       0.00      0.00      0.00         1
       Mango       1.00      0.09      0.17        11
       Melon       0.00      0.00      0.00         4
      Orange       0.00      0.00      0.00         4
        Pear       0.06      1.00      0.12         2
   Pineapple       0.00      0.00      0.00         1
      Potato       0.00      0.00      0.00         2
   Raspberry       0.00      0.00      0.00         0
      Tomato       0.00      0.00      0.00         1
Tomato small       0.00      0.00      0.00         1
  Watermelon       0.25      0.33      0.29         3

    accuracy                           0.11        46
   macro avg       0.12      0.10      0.07        46
weighted avg       0.30      0.11      0.09        46

